// Jest Snapshot v1, https://goo.gl/fbAQLP

exports[`App it renders properly 1`] = `ShallowWrapper {}`;
