// Jest Snapshot v1, https://goo.gl/fbAQLP

exports[`Wallet render properly 1`] = `ShallowWrapper {}`;
